// Jest Snapshot v1, https://goo.gl/fbAQLP

exports[`React unit tests <Inventory /> Should render correctly 1`] = `
<div
  id="player-inventory"
>
  <main
    id="player-stats"
  >
    <table
      id="player-table"
    >
      <thead>
        Player Stats:
      </thead>
      <td>
        Level: 5
      </td>
      <td>
        HP: 
        100
      </td>
      <td>
        MP: 
        234
      </td>
    </table>
  </main>
  <aside
    id="inventory-items"
  >
    <table
      id="items-table"
    >
      <thead>
        Items:
      </thead>
      <tr>
        Consumables
      </tr>
      <td
        className="items"
      >
        Potion x2
      </td>
      <td
        className="items"
      >
        Hi-Potion x3
      </td>
      <td
        className="items"
      >
        Rare Candy x3
      </td>
    </table>
  </aside>
  <hr />
  <footer
    className="inventory-slots"
  >
    <h4
      className="slots"
    >
      Slots Available: 
      3
    </h4>
  </footer>
</div>
`;
